TASKING DSP2410 assembler v1.5r1 Build 138 SN 00100122
                                                                                                                            Page   1
C:\STMP3XXX_SDK_FIRMWARE_320_finalfix\system\fgndmodules\copybufmem.asm
M:ADDR CODE           CYCLES LINE SOURCELINE
                                1 ;******************************************************************************
                                2 ; Copyright(C) SigmaTel, Inc. 2000/2001
                                3 ;
                                4 ; STMP DAC Driver Module
                                5 ;******************************************************************************
                                6 ; Module Files:
                                7 ;
                                8 ;******************************************************************************
                               10 ;*******************************************************************************
                               11 ;  Include files
                               12 ;*******************************************************************************
                               13         include "fgndmodules.inc"
                                1 ;******************************************************************************
                                2 ; Copyright(C) SigmaTel, Inc. 2000/2001
                                3 ;
                                4 ; STMP Foreground Module Includes
                                5 ;
                                6 ;******************************************************************************
                                8 EffBufIdenticalOffset     equ        1
                                9 EffSrcDescrOffset         equ        2
                               10 EffSinkDescrOffset        equ        3
                               11 EffRoutine_Offset         equ        4
                               12 EffParameter0_Offset      equ        5
                               13 EffParameter1_Offset      equ        6
                               14 FGndModuleEntrySize       equ        7
                               16 FgndWorkBufSize           equ        $40
                               15         page    132,60,0,0,0
                               17 ;*******************************************************************************
                               18 ;  Extern definitions
                               19 ;*******************************************************************************
                               21 ;*******************************************************************************
                               22 ;  Global definitions
                               23 ;*******************************************************************************
                               25 ;*******************************************************************************
                               26 ;  X memory
                               27 ;*******************************************************************************
X:0000                         29                 org     x,"FgndMemoryX":
                               30         buffer  M,FgndWorkBufSize
                               31 FgndWorkBuffer
X:0000 000000                  32         bsc     FgndWorkBufSize,0
   |   REPEATS                    
X:003F
                               33         endbuf
                               36 ;*******************************************************************************
                               37 ;  X memory
                               38 ;*******************************************************************************
Y:0000                         39                 org     y,"FgndMemoryY":
                               40 ; These must stay in this order:
Y:0000 rrrrrr                  41 EffectsDescriptor                     dc      FgndWorkBuffer
Y:0001 00003F                  42 FgndWorkBufModPtr             dc      FgndWorkBufSize-1
Y:0002 000040                  43 FgndWorkBufSizePtr            dc      FgndWorkBufSize
Y:0003 rrrrrr                  44 FgndWorkBufHeadPtr            dc      FgndWorkBuffer                ; FgndWorkBuf Head Ptr
Y:0004 rrrrrr                  45 FgndWorkBufTailPtr            dc      FgndWorkBuffer                ; FgndWorkBufTailPtr
